// Jest Snapshot v1, https://goo.gl/fbAQLP

exports[`__tests__ Breadcrumb should render my Breadcrumb component 1`] = `
Array [
  <WithStyles(ForwardRef(Breadcrumbs))
    aria-label="breadcrumb"
    className="breadcrumbs"
    separator={
      <Memo
        fontSize="small"
      />
    }
  />,
]
`;
