// Jest Snapshot v1, https://goo.gl/fbAQLP

exports[`__tests__ Header should render my Header component 1`] = `
Array [
  <header
    className="header"
  >
    <Link
      href="/"
    >
      <a
        className="logo"
      >
        Mercado Libre Argentina - Donde comprar y vender de todo
      </a>
    </Link>
    <SearchAutocomplete />
  </header>,
]
`;
