// Jest Snapshot v1, https://goo.gl/fbAQLP

exports[`__tests__ Title should render my Title component 1`] = `
Array [
  <WithStyles(ForwardRef(Link))
    className="title"
    href="/items/1"
  >
    <WithStyles(ForwardRef(Typography))
      gutterBottom={true}
      variant="body2"
    >
      iphone
    </WithStyles(ForwardRef(Typography))>
  </WithStyles(ForwardRef(Link))>,
]
`;
